==============================================================================
  WhaleTV Device Lock Portal API — integration debug log
==============================================================================

Reported by : Colombian Trade Company / Claro Colombia (Locking System)
Generated   : 2026-08-19T17:01:10.526963+00:00 (UTC)
Environment : ACC — acc-lockservice.whaletv.com
API version : /lock-portal/open/v1  (doc "Device Lock Portal API" v1.0.1)
accessKey   : 10a7ea42f147464a3eaf2b82c47c901569
secretKey   : NOT included in this file (kept secret on our side)
brandId     : 240   <-- UNDER TEST (RCA is 266602544414330786)

PROBLEM
-------
Every API call returns errorCode 270202 "no brand authorized for this
accessKey", regardless of which brandId we send, and on every endpoint.
Authentication itself succeeds — see the control cases at the end:
  * omitting brandId returns a DIFFERENT error (270201 "brandId is
    required"), so the server does read and validate our brandId;
  * signing with a wrong secret returns HTTP 401 AUTHORIZATION SIGNATURE
    ERROR, so our signature is being accepted in all other cases.
This points to our accessKey having an EMPTY brand list on your side.
Request: please bind brand RCA (brandId 266602544414330786)
to accessKey 10a7ea42f147464a3eaf2b82c47c901569.

The brandId above was taken from your own portal: while logged into
https://acc-lockservice.whaletv.com the web UI calls
  GET /lock-portal/lock/device/brandList
which responds:
  {"data":[{"brandId":"266602544414330786","brandName":"RCA",
   "productList":[],"subDataDefault":null}],"errorCode":"0","errorMsg":null}

Note: every request below uses a freshly generated timestamp, so the
"String signed" value differs per request. You can recompute each signature
on your side with our secretKey and confirm it matches.

------------------------------------------------------------------------------
CASE: Device list — brandId 240
------------------------------------------------------------------------------
UTC time        : 2026-08-19T17:01:10.527573+00:00
Request         : GET https://acc-lockservice.whaletv.com/lock-portal/open/v1/devices?brandId=240&pageSize=1
Signed URI      : /lock-portal/open/v1/devices
Timestamp (ms)  : 1787158870526
String signed   : /lock-portal/open/v1/devices1787158870526
                  (= signed URI + timestamp, concatenated, no separator)
Signature alg   : Base64(HmacSHA1(secretKey, stringSigned))
Request headers :
  Authorization : 10a7ea42f147464a3eaf2b82c47c901569:lG9c0ET0LcEWPyKkNmq2b6SxLoM=:1787158870526
  Accept        : application/json
Response status : HTTP 200
Response headers:
  access-control-allow-origin: *
  vary: Origin,Access-Control-Request-Method,Access-Control-Request-Headers, Accept-Encoding
  access-control-allow-headers: *
  content-type: application/json;charset=UTF-8
  content-length: 102
  access-control-allow-methods: POST, GET, PUT, OPTIONS, DELETE
  date: Wed, 19 Aug 2026 17:01:11 GMT
  connection: close
Response body   :
  {"errorCode":"270202","errorMsg":"no brand authorized for this accessKey","timestamp":"1787158871526"}

------------------------------------------------------------------------------
CASE: Device list — filtered by MAC
------------------------------------------------------------------------------
UTC time        : 2026-08-19T17:01:11.596885+00:00
Request         : GET https://acc-lockservice.whaletv.com/lock-portal/open/v1/devices?brandId=240&mac=3C%3ABE%3A8E%3ABD%3AEF%3A01&pageSize=1
Signed URI      : /lock-portal/open/v1/devices
Timestamp (ms)  : 1787158871596
String signed   : /lock-portal/open/v1/devices1787158871596
                  (= signed URI + timestamp, concatenated, no separator)
Signature alg   : Base64(HmacSHA1(secretKey, stringSigned))
Request headers :
  Authorization : 10a7ea42f147464a3eaf2b82c47c901569:f4o1J2kp0aTGAyLmA8NTuaqYuwg=:1787158871596
  Accept        : application/json
Response status : HTTP 200
Response headers:
  access-control-allow-origin: *
  vary: Origin,Access-Control-Request-Method,Access-Control-Request-Headers, Accept-Encoding
  access-control-allow-headers: *
  content-type: application/json;charset=UTF-8
  content-length: 102
  access-control-allow-methods: POST, GET, PUT, OPTIONS, DELETE
  date: Wed, 19 Aug 2026 17:01:12 GMT
  connection: close
Response body   :
  {"errorCode":"270202","errorMsg":"no brand authorized for this accessKey","timestamp":"1787158872251"}

------------------------------------------------------------------------------
CASE: Device detail
------------------------------------------------------------------------------
UTC time        : 2026-08-19T17:01:12.319692+00:00
Request         : GET https://acc-lockservice.whaletv.com/lock-portal/open/v1/devices/detail?brandId=240&id=1
Signed URI      : /lock-portal/open/v1/devices/detail
Timestamp (ms)  : 1787158872319
String signed   : /lock-portal/open/v1/devices/detail1787158872319
                  (= signed URI + timestamp, concatenated, no separator)
Signature alg   : Base64(HmacSHA1(secretKey, stringSigned))
Request headers :
  Authorization : 10a7ea42f147464a3eaf2b82c47c901569:UlOe6piB9UmyWNifvYTPQrH3YBg=:1787158872319
  Accept        : application/json
Response status : HTTP 200
Response headers:
  access-control-allow-origin: *
  vary: Origin,Access-Control-Request-Method,Access-Control-Request-Headers, Accept-Encoding
  access-control-allow-headers: *
  content-type: application/json;charset=UTF-8
  content-length: 102
  access-control-allow-methods: POST, GET, PUT, OPTIONS, DELETE
  date: Wed, 19 Aug 2026 17:01:13 GMT
  connection: close
Response body   :
  {"errorCode":"270202","errorMsg":"no brand authorized for this accessKey","timestamp":"1787158873039"}

------------------------------------------------------------------------------
CASE: PIN code history
------------------------------------------------------------------------------
UTC time        : 2026-08-19T17:01:13.107409+00:00
Request         : GET https://acc-lockservice.whaletv.com/lock-portal/open/v1/devices/pincode-history?brandId=240&id=1
Signed URI      : /lock-portal/open/v1/devices/pincode-history
Timestamp (ms)  : 1787158873107
String signed   : /lock-portal/open/v1/devices/pincode-history1787158873107
                  (= signed URI + timestamp, concatenated, no separator)
Signature alg   : Base64(HmacSHA1(secretKey, stringSigned))
Request headers :
  Authorization : 10a7ea42f147464a3eaf2b82c47c901569:WNqDOGU74/q6O+ukYJdnSlKpJH4=:1787158873107
  Accept        : application/json
Response status : HTTP 200
Response headers:
  access-control-allow-origin: *
  vary: Origin,Access-Control-Request-Method,Access-Control-Request-Headers, Accept-Encoding
  access-control-allow-headers: *
  content-type: application/json;charset=UTF-8
  content-length: 102
  access-control-allow-methods: POST, GET, PUT, OPTIONS, DELETE
  date: Wed, 19 Aug 2026 17:01:13 GMT
  connection: close
Response body   :
  {"errorCode":"270202","errorMsg":"no brand authorized for this accessKey","timestamp":"1787158873769"}

------------------------------------------------------------------------------
CASE: Device list — brandId 217 (to show the error never changes)
------------------------------------------------------------------------------
UTC time        : 2026-08-19T17:01:13.837315+00:00
Request         : GET https://acc-lockservice.whaletv.com/lock-portal/open/v1/devices?brandId=217&pageSize=1
Signed URI      : /lock-portal/open/v1/devices
Timestamp (ms)  : 1787158873837
String signed   : /lock-portal/open/v1/devices1787158873837
                  (= signed URI + timestamp, concatenated, no separator)
Signature alg   : Base64(HmacSHA1(secretKey, stringSigned))
Request headers :
  Authorization : 10a7ea42f147464a3eaf2b82c47c901569:uWpROY4ntj1WgHdsrQZW0YTbD8o=:1787158873837
  Accept        : application/json
Response status : HTTP 200
Response headers:
  access-control-allow-origin: *
  vary: Origin,Access-Control-Request-Method,Access-Control-Request-Headers, Accept-Encoding
  access-control-allow-headers: *
  content-type: application/json;charset=UTF-8
  content-length: 102
  access-control-allow-methods: POST, GET, PUT, OPTIONS, DELETE
  date: Wed, 19 Aug 2026 17:01:14 GMT
  connection: close
Response body   :
  {"errorCode":"270202","errorMsg":"no brand authorized for this accessKey","timestamp":"1787158874511"}

------------------------------------------------------------------------------
CASE: Device list — brandId 100 (to show the error never changes)
------------------------------------------------------------------------------
UTC time        : 2026-08-19T17:01:14.578248+00:00
Request         : GET https://acc-lockservice.whaletv.com/lock-portal/open/v1/devices?brandId=100&pageSize=1
Signed URI      : /lock-portal/open/v1/devices
Timestamp (ms)  : 1787158874578
String signed   : /lock-portal/open/v1/devices1787158874578
                  (= signed URI + timestamp, concatenated, no separator)
Signature alg   : Base64(HmacSHA1(secretKey, stringSigned))
Request headers :
  Authorization : 10a7ea42f147464a3eaf2b82c47c901569:DYfLLCDr9fGnOvZ7xGFmw429E1k=:1787158874578
  Accept        : application/json
Response status : HTTP 200
Response headers:
  access-control-allow-origin: *
  vary: Origin,Access-Control-Request-Method,Access-Control-Request-Headers, Accept-Encoding
  access-control-allow-headers: *
  content-type: application/json;charset=UTF-8
  content-length: 102
  access-control-allow-methods: POST, GET, PUT, OPTIONS, DELETE
  date: Wed, 19 Aug 2026 17:01:15 GMT
  connection: close
Response body   :
  {"errorCode":"270202","errorMsg":"no brand authorized for this accessKey","timestamp":"1787158875234"}

------------------------------------------------------------------------------
CASE: Device list — brandId 1 (to show the error never changes)
------------------------------------------------------------------------------
UTC time        : 2026-08-19T17:01:15.301401+00:00
Request         : GET https://acc-lockservice.whaletv.com/lock-portal/open/v1/devices?brandId=1&pageSize=1
Signed URI      : /lock-portal/open/v1/devices
Timestamp (ms)  : 1787158875301
String signed   : /lock-portal/open/v1/devices1787158875301
                  (= signed URI + timestamp, concatenated, no separator)
Signature alg   : Base64(HmacSHA1(secretKey, stringSigned))
Request headers :
  Authorization : 10a7ea42f147464a3eaf2b82c47c901569:DBLlZeC7vsiDexNMxcCFuRyIMpg=:1787158875301
  Accept        : application/json
Response status : HTTP 200
Response headers:
  access-control-allow-origin: *
  vary: Origin,Access-Control-Request-Method,Access-Control-Request-Headers, Accept-Encoding
  access-control-allow-headers: *
  content-type: application/json;charset=UTF-8
  content-length: 102
  access-control-allow-methods: POST, GET, PUT, OPTIONS, DELETE
  date: Wed, 19 Aug 2026 17:01:15 GMT
  connection: close
Response body   :
  {"errorCode":"270202","errorMsg":"no brand authorized for this accessKey","timestamp":"1787158875958"}

------------------------------------------------------------------------------
CASE: Device list — brandId 266602544414330786 (to show the error never changes)
------------------------------------------------------------------------------
UTC time        : 2026-08-19T17:01:16.026998+00:00
Request         : GET https://acc-lockservice.whaletv.com/lock-portal/open/v1/devices?brandId=266602544414330786&pageSize=1
Signed URI      : /lock-portal/open/v1/devices
Timestamp (ms)  : 1787158876026
String signed   : /lock-portal/open/v1/devices1787158876026
                  (= signed URI + timestamp, concatenated, no separator)
Signature alg   : Base64(HmacSHA1(secretKey, stringSigned))
Request headers :
  Authorization : 10a7ea42f147464a3eaf2b82c47c901569:bhcL2vVL72nSJfg+alObbRAVtl0=:1787158876026
  Accept        : application/json
Response status : HTTP 200
Response headers:
  access-control-allow-origin: *
  vary: Origin,Access-Control-Request-Method,Access-Control-Request-Headers, Accept-Encoding
  access-control-allow-headers: *
  content-type: application/json;charset=UTF-8
  content-length: 102
  access-control-allow-methods: POST, GET, PUT, OPTIONS, DELETE
  date: Wed, 19 Aug 2026 17:01:16 GMT
  connection: close
Response body   :
  {"errorCode":"270202","errorMsg":"no brand authorized for this accessKey","timestamp":"1787158876695"}

==============================================================================
  WRITE OPERATIONS — payloads shown, NOT executed
==============================================================================

------------------------------------------------------------------------------
CASE: Batch lock (POST) — the endpoint we ultimately need
------------------------------------------------------------------------------
UTC time        : 2026-08-19T17:01:16.761764+00:00
Request         : POST https://acc-lockservice.whaletv.com/lock-portal/open/v1/devices/batch-lock
Signed URI      : /lock-portal/open/v1/devices/batch-lock
Timestamp (ms)  : 1787158876761
String signed   : /lock-portal/open/v1/devices/batch-lock1787158876761
                  (= signed URI + timestamp, concatenated, no separator)
Signature alg   : Base64(HmacSHA1(secretKey, stringSigned))
Request headers :
  Authorization : 10a7ea42f147464a3eaf2b82c47c901569:M7lZaQHKbDgf2Q/6+9ApNpiuKuY=:1787158876761
  Accept        : application/json
  Content-Type  : application/json
Request body    :
  {"brandId": "240", "macs": ["3C:BE:8E:BD:EF:01"], "status": 1}
Response        : NOT SENT — this is a write operation, included only
                  so you can see the exact payload we would send.

------------------------------------------------------------------------------
CASE: Generate PIN code (POST)
------------------------------------------------------------------------------
UTC time        : 2026-08-19T17:01:16.762160+00:00
Request         : POST https://acc-lockservice.whaletv.com/lock-portal/open/v1/devices/pincode
Signed URI      : /lock-portal/open/v1/devices/pincode
Timestamp (ms)  : 1787158876762
String signed   : /lock-portal/open/v1/devices/pincode1787158876762
                  (= signed URI + timestamp, concatenated, no separator)
Signature alg   : Base64(HmacSHA1(secretKey, stringSigned))
Request headers :
  Authorization : 10a7ea42f147464a3eaf2b82c47c901569:FPQECjIv6IvZ8ojIXYgtLfLF9b4=:1787158876762
  Accept        : application/json
  Content-Type  : application/json
Request body    :
  {"brandId": "240", "mac": "3C:BE:8E:BD:EF:01", "passcode": "0568"}
Response        : NOT SENT — this is a write operation, included only
                  so you can see the exact payload we would send.

------------------------------------------------------------------------------
CASE: Update device (POST)
------------------------------------------------------------------------------
UTC time        : 2026-08-19T17:01:16.762188+00:00
Request         : POST https://acc-lockservice.whaletv.com/lock-portal/open/v1/devices/update
Signed URI      : /lock-portal/open/v1/devices/update
Timestamp (ms)  : 1787158876762
String signed   : /lock-portal/open/v1/devices/update1787158876762
                  (= signed URI + timestamp, concatenated, no separator)
Signature alg   : Base64(HmacSHA1(secretKey, stringSigned))
Request headers :
  Authorization : 10a7ea42f147464a3eaf2b82c47c901569:1BV1gFy7RAeZM0pwQ9ZclfrJOE8=:1787158876762
  Accept        : application/json
  Content-Type  : application/json
Request body    :
  {"brandId": "240", "id": 1, "status": 1}
Response        : NOT SENT — this is a write operation, included only
                  so you can see the exact payload we would send.

==============================================================================
  CONTROL CASES — these prove authentication works
==============================================================================

------------------------------------------------------------------------------
CASE: No brandId sent — expect a DIFFERENT error (270201)
------------------------------------------------------------------------------
UTC time        : 2026-08-19T17:01:16.762232+00:00
Request         : GET https://acc-lockservice.whaletv.com/lock-portal/open/v1/devices?pageSize=1
Signed URI      : /lock-portal/open/v1/devices
Timestamp (ms)  : 1787158876762
String signed   : /lock-portal/open/v1/devices1787158876762
                  (= signed URI + timestamp, concatenated, no separator)
Signature alg   : Base64(HmacSHA1(secretKey, stringSigned))
Request headers :
  Authorization : 10a7ea42f147464a3eaf2b82c47c901569:6FZBFAkHxWXRDDpFwKuwNFmjosA=:1787158876762
  Accept        : application/json
Response status : HTTP 200
Response headers:
  access-control-allow-origin: *
  vary: Origin,Access-Control-Request-Method,Access-Control-Request-Headers, Accept-Encoding
  access-control-allow-headers: *
  content-type: application/json;charset=UTF-8
  content-length: 136
  access-control-allow-methods: POST, GET, PUT, OPTIONS, DELETE
  date: Wed, 19 Aug 2026 17:01:17 GMT
  connection: close
Response body   :
  {"errorCode":"270201","errorMsg":"request format invalid: Required Long parameter 'brandId' is not present","timestamp":"1787158877461"}

------------------------------------------------------------------------------
CASE: Deliberately WRONG secret — expect HTTP 401 (signature error)
------------------------------------------------------------------------------
UTC time        : 2026-08-19T17:01:17.531415+00:00
Request         : GET https://acc-lockservice.whaletv.com/lock-portal/open/v1/devices?brandId=240&pageSize=1
Signed URI      : /lock-portal/open/v1/devices
Timestamp (ms)  : 1787158877531
String signed   : /lock-portal/open/v1/devices1787158877531
                  (= signed URI + timestamp, concatenated, no separator)
Signature alg   : Base64(HmacSHA1(secretKey, stringSigned))
Request headers :
  Authorization : 10a7ea42f147464a3eaf2b82c47c901569:K9Khjpr33/Bonq1fyGKeI3eQJso=:1787158877531
  Accept        : application/json
Response status : HTTP 401
Response headers:
  access-control-allow-origin: *
  access-control-allow-headers: *
  content-type: text/html;charset=ISO-8859-1
  access-control-allow-methods: POST, GET, PUT, OPTIONS, DELETE
  date: Wed, 19 Aug 2026 17:01:18 GMT
  vary: Accept-Encoding
  connection: close
  transfer-encoding: chunked
Response body   :
  AUTHORIZATION SIGNATURE ERROR

==============================================================================
  END OF LOG
==============================================================================
