==============================================================================
  WhaleTV Device Lock Portal API — integration debug log
==============================================================================

Reported by : Colombian Trade Company / Claro Colombia (Locking System)
Generated   : 2026-08-18T14:28:45.029447+00:00 (UTC)
Environment : ACC — acc-lockservice.whaletv.com
API version : /lock-portal/open/v1  (doc "Device Lock Portal API" v1.0.1)
accessKey   : 10a7ea42f147464a3eaf2b82c47c901569
secretKey   : NOT included in this file (kept secret on our side)
brandId     : 266602544414330786   (brand "RCA")

PROBLEM
-------
Every API call returns errorCode 270202 "no brand authorized for this
accessKey", regardless of which brandId we send, and on every endpoint.
Authentication itself succeeds — see the control cases at the end:
  * omitting brandId returns a DIFFERENT error (270201 "brandId is
    required"), so the server does read and validate our brandId;
  * signing with a wrong secret returns HTTP 401 AUTHORIZATION SIGNATURE
    ERROR, so our signature is being accepted in all other cases.
This points to our accessKey having an EMPTY brand list on your side.
Request: please bind brand RCA (brandId 266602544414330786)
to accessKey 10a7ea42f147464a3eaf2b82c47c901569.

The brandId above was taken from your own portal: while logged into
https://acc-lockservice.whaletv.com the web UI calls
  GET /lock-portal/lock/device/brandList
which responds:
  {"data":[{"brandId":"266602544414330786","brandName":"RCA",
   "productList":[],"subDataDefault":null}],"errorCode":"0","errorMsg":null}

Note: every request below uses a freshly generated timestamp, so the
"String signed" value differs per request. You can recompute each signature
on your side with our secretKey and confirm it matches.

------------------------------------------------------------------------------
CASE: Device list — brandId RCA (the real one)
------------------------------------------------------------------------------
UTC time        : 2026-08-18T14:28:45.030274+00:00
Request         : GET https://acc-lockservice.whaletv.com/lock-portal/open/v1/devices?brandId=266602544414330786&pageSize=1
Signed URI      : /lock-portal/open/v1/devices
Timestamp (ms)  : 1787063325029
String signed   : /lock-portal/open/v1/devices1787063325029
                  (= signed URI + timestamp, concatenated, no separator)
Signature alg   : Base64(HmacSHA1(secretKey, stringSigned))
Request headers :
  Authorization : 10a7ea42f147464a3eaf2b82c47c901569:7kweIQoQ6EUPflS9WCubmuvBZRU=:1787063325029
  Accept        : application/json
Response status : HTTP 200
Response headers:
  access-control-allow-origin: *
  vary: Origin,Access-Control-Request-Method,Access-Control-Request-Headers, Accept-Encoding
  access-control-allow-headers: *
  content-type: application/json;charset=UTF-8
  content-length: 102
  access-control-allow-methods: POST, GET, PUT, OPTIONS, DELETE
  date: Tue, 18 Aug 2026 14:28:37 GMT
  connection: close
Response body   :
  {"errorCode":"270202","errorMsg":"no brand authorized for this accessKey","timestamp":"1787063317515"}

------------------------------------------------------------------------------
CASE: Device list — filtered by MAC
------------------------------------------------------------------------------
UTC time        : 2026-08-18T14:28:45.815745+00:00
Request         : GET https://acc-lockservice.whaletv.com/lock-portal/open/v1/devices?brandId=266602544414330786&mac=3C%3ABE%3A8E%3ABD%3AEF%3A01&pageSize=1
Signed URI      : /lock-portal/open/v1/devices
Timestamp (ms)  : 1787063325815
String signed   : /lock-portal/open/v1/devices1787063325815
                  (= signed URI + timestamp, concatenated, no separator)
Signature alg   : Base64(HmacSHA1(secretKey, stringSigned))
Request headers :
  Authorization : 10a7ea42f147464a3eaf2b82c47c901569:jejh3YNkejCNK9FuX18U+93q4d4=:1787063325815
  Accept        : application/json
Response status : HTTP 200
Response headers:
  access-control-allow-origin: *
  vary: Origin,Access-Control-Request-Method,Access-Control-Request-Headers, Accept-Encoding
  access-control-allow-headers: *
  content-type: application/json;charset=UTF-8
  content-length: 102
  access-control-allow-methods: POST, GET, PUT, OPTIONS, DELETE
  date: Tue, 18 Aug 2026 14:28:38 GMT
  connection: close
Response body   :
  {"errorCode":"270202","errorMsg":"no brand authorized for this accessKey","timestamp":"1787063318208"}

------------------------------------------------------------------------------
CASE: Device detail
------------------------------------------------------------------------------
UTC time        : 2026-08-18T14:28:46.511231+00:00
Request         : GET https://acc-lockservice.whaletv.com/lock-portal/open/v1/devices/detail?brandId=266602544414330786&id=1
Signed URI      : /lock-portal/open/v1/devices/detail
Timestamp (ms)  : 1787063326511
String signed   : /lock-portal/open/v1/devices/detail1787063326511
                  (= signed URI + timestamp, concatenated, no separator)
Signature alg   : Base64(HmacSHA1(secretKey, stringSigned))
Request headers :
  Authorization : 10a7ea42f147464a3eaf2b82c47c901569:1FClJ4EYss0+o/BHhKcvaFNvzXs=:1787063326511
  Accept        : application/json
Response status : HTTP 200
Response headers:
  access-control-allow-origin: *
  vary: Origin,Access-Control-Request-Method,Access-Control-Request-Headers, Accept-Encoding
  access-control-allow-headers: *
  content-type: application/json;charset=UTF-8
  content-length: 102
  access-control-allow-methods: POST, GET, PUT, OPTIONS, DELETE
  date: Tue, 18 Aug 2026 14:28:38 GMT
  connection: close
Response body   :
  {"errorCode":"270202","errorMsg":"no brand authorized for this accessKey","timestamp":"1787063318934"}

------------------------------------------------------------------------------
CASE: PIN code history
------------------------------------------------------------------------------
UTC time        : 2026-08-18T14:28:47.236445+00:00
Request         : GET https://acc-lockservice.whaletv.com/lock-portal/open/v1/devices/pincode-history?brandId=266602544414330786&id=1
Signed URI      : /lock-portal/open/v1/devices/pincode-history
Timestamp (ms)  : 1787063327236
String signed   : /lock-portal/open/v1/devices/pincode-history1787063327236
                  (= signed URI + timestamp, concatenated, no separator)
Signature alg   : Base64(HmacSHA1(secretKey, stringSigned))
Request headers :
  Authorization : 10a7ea42f147464a3eaf2b82c47c901569:2VgTjyvrhMz1dD4uwfQ7HyIz1uA=:1787063327236
  Accept        : application/json
Response status : HTTP 200
Response headers:
  access-control-allow-origin: *
  vary: Origin,Access-Control-Request-Method,Access-Control-Request-Headers, Accept-Encoding
  access-control-allow-headers: *
  content-type: application/json;charset=UTF-8
  content-length: 102
  access-control-allow-methods: POST, GET, PUT, OPTIONS, DELETE
  date: Tue, 18 Aug 2026 14:28:39 GMT
  connection: close
Response body   :
  {"errorCode":"270202","errorMsg":"no brand authorized for this accessKey","timestamp":"1787063319646"}

------------------------------------------------------------------------------
CASE: Device list — brandId 217 (to show the error never changes)
------------------------------------------------------------------------------
UTC time        : 2026-08-18T14:28:47.945309+00:00
Request         : GET https://acc-lockservice.whaletv.com/lock-portal/open/v1/devices?brandId=217&pageSize=1
Signed URI      : /lock-portal/open/v1/devices
Timestamp (ms)  : 1787063327945
String signed   : /lock-portal/open/v1/devices1787063327945
                  (= signed URI + timestamp, concatenated, no separator)
Signature alg   : Base64(HmacSHA1(secretKey, stringSigned))
Request headers :
  Authorization : 10a7ea42f147464a3eaf2b82c47c901569:BHrgkuB40BRZdSEQytm7J5FB83c=:1787063327945
  Accept        : application/json
Response status : HTTP 200
Response headers:
  access-control-allow-origin: *
  vary: Origin,Access-Control-Request-Method,Access-Control-Request-Headers, Accept-Encoding
  access-control-allow-headers: *
  content-type: application/json;charset=UTF-8
  content-length: 102
  access-control-allow-methods: POST, GET, PUT, OPTIONS, DELETE
  date: Tue, 18 Aug 2026 14:28:40 GMT
  connection: close
Response body   :
  {"errorCode":"270202","errorMsg":"no brand authorized for this accessKey","timestamp":"1787063320323"}

------------------------------------------------------------------------------
CASE: Device list — brandId 100 (to show the error never changes)
------------------------------------------------------------------------------
UTC time        : 2026-08-18T14:28:48.623504+00:00
Request         : GET https://acc-lockservice.whaletv.com/lock-portal/open/v1/devices?brandId=100&pageSize=1
Signed URI      : /lock-portal/open/v1/devices
Timestamp (ms)  : 1787063328623
String signed   : /lock-portal/open/v1/devices1787063328623
                  (= signed URI + timestamp, concatenated, no separator)
Signature alg   : Base64(HmacSHA1(secretKey, stringSigned))
Request headers :
  Authorization : 10a7ea42f147464a3eaf2b82c47c901569:ghlUOQVV3C/M/Hy/1JUTAQgMQfI=:1787063328623
  Accept        : application/json
Response status : HTTP 200
Response headers:
  access-control-allow-origin: *
  vary: Origin,Access-Control-Request-Method,Access-Control-Request-Headers, Accept-Encoding
  access-control-allow-headers: *
  content-type: application/json;charset=UTF-8
  content-length: 102
  access-control-allow-methods: POST, GET, PUT, OPTIONS, DELETE
  date: Tue, 18 Aug 2026 14:28:41 GMT
  connection: close
Response body   :
  {"errorCode":"270202","errorMsg":"no brand authorized for this accessKey","timestamp":"1787063321138"}

------------------------------------------------------------------------------
CASE: Device list — brandId 1 (to show the error never changes)
------------------------------------------------------------------------------
UTC time        : 2026-08-18T14:28:49.435514+00:00
Request         : GET https://acc-lockservice.whaletv.com/lock-portal/open/v1/devices?brandId=1&pageSize=1
Signed URI      : /lock-portal/open/v1/devices
Timestamp (ms)  : 1787063329435
String signed   : /lock-portal/open/v1/devices1787063329435
                  (= signed URI + timestamp, concatenated, no separator)
Signature alg   : Base64(HmacSHA1(secretKey, stringSigned))
Request headers :
  Authorization : 10a7ea42f147464a3eaf2b82c47c901569:kbbOIX6dTWj9WDxeVSIQcVpx2W4=:1787063329435
  Accept        : application/json
Response status : HTTP 200
Response headers:
  access-control-allow-origin: *
  vary: Origin,Access-Control-Request-Method,Access-Control-Request-Headers, Accept-Encoding
  access-control-allow-headers: *
  content-type: application/json;charset=UTF-8
  content-length: 102
  access-control-allow-methods: POST, GET, PUT, OPTIONS, DELETE
  date: Tue, 18 Aug 2026 14:28:41 GMT
  connection: close
Response body   :
  {"errorCode":"270202","errorMsg":"no brand authorized for this accessKey","timestamp":"1787063321823"}

==============================================================================
  WRITE OPERATIONS — payloads shown, NOT executed
==============================================================================

------------------------------------------------------------------------------
CASE: Batch lock (POST) — the endpoint we ultimately need
------------------------------------------------------------------------------
UTC time        : 2026-08-18T14:28:50.121822+00:00
Request         : POST https://acc-lockservice.whaletv.com/lock-portal/open/v1/devices/batch-lock
Signed URI      : /lock-portal/open/v1/devices/batch-lock
Timestamp (ms)  : 1787063330121
String signed   : /lock-portal/open/v1/devices/batch-lock1787063330121
                  (= signed URI + timestamp, concatenated, no separator)
Signature alg   : Base64(HmacSHA1(secretKey, stringSigned))
Request headers :
  Authorization : 10a7ea42f147464a3eaf2b82c47c901569:chlsmCRZkD3HSIexc0Hiv/mI8kU=:1787063330121
  Accept        : application/json
  Content-Type  : application/json
Request body    :
  {"brandId": "266602544414330786", "macs": ["3C:BE:8E:BD:EF:01"], "status": 1}
Response        : NOT SENT — this is a write operation, included only
                  so you can see the exact payload we would send.

------------------------------------------------------------------------------
CASE: Generate PIN code (POST)
------------------------------------------------------------------------------
UTC time        : 2026-08-18T14:28:50.121910+00:00
Request         : POST https://acc-lockservice.whaletv.com/lock-portal/open/v1/devices/pincode
Signed URI      : /lock-portal/open/v1/devices/pincode
Timestamp (ms)  : 1787063330121
String signed   : /lock-portal/open/v1/devices/pincode1787063330121
                  (= signed URI + timestamp, concatenated, no separator)
Signature alg   : Base64(HmacSHA1(secretKey, stringSigned))
Request headers :
  Authorization : 10a7ea42f147464a3eaf2b82c47c901569:ucjQM05rhAUloqe3FCy/iKjUZWY=:1787063330121
  Accept        : application/json
  Content-Type  : application/json
Request body    :
  {"brandId": "266602544414330786", "mac": "3C:BE:8E:BD:EF:01", "passcode": "0568"}
Response        : NOT SENT — this is a write operation, included only
                  so you can see the exact payload we would send.

------------------------------------------------------------------------------
CASE: Update device (POST)
------------------------------------------------------------------------------
UTC time        : 2026-08-18T14:28:50.121943+00:00
Request         : POST https://acc-lockservice.whaletv.com/lock-portal/open/v1/devices/update
Signed URI      : /lock-portal/open/v1/devices/update
Timestamp (ms)  : 1787063330121
String signed   : /lock-portal/open/v1/devices/update1787063330121
                  (= signed URI + timestamp, concatenated, no separator)
Signature alg   : Base64(HmacSHA1(secretKey, stringSigned))
Request headers :
  Authorization : 10a7ea42f147464a3eaf2b82c47c901569:V4LIyRvzq2FH9MmgpFXkPdL/DkM=:1787063330121
  Accept        : application/json
  Content-Type  : application/json
Request body    :
  {"brandId": "266602544414330786", "id": 1, "status": 1}
Response        : NOT SENT — this is a write operation, included only
                  so you can see the exact payload we would send.

==============================================================================
  CONTROL CASES — these prove authentication works
==============================================================================

------------------------------------------------------------------------------
CASE: No brandId sent — expect a DIFFERENT error (270201)
------------------------------------------------------------------------------
UTC time        : 2026-08-18T14:28:50.121982+00:00
Request         : GET https://acc-lockservice.whaletv.com/lock-portal/open/v1/devices?pageSize=1
Signed URI      : /lock-portal/open/v1/devices
Timestamp (ms)  : 1787063330121
String signed   : /lock-portal/open/v1/devices1787063330121
                  (= signed URI + timestamp, concatenated, no separator)
Signature alg   : Base64(HmacSHA1(secretKey, stringSigned))
Request headers :
  Authorization : 10a7ea42f147464a3eaf2b82c47c901569:ape0jSBWOaQ6v2lzdOAxXzMJeNw=:1787063330121
  Accept        : application/json
Response status : HTTP 200
Response headers:
  access-control-allow-origin: *
  vary: Origin,Access-Control-Request-Method,Access-Control-Request-Headers, Accept-Encoding
  access-control-allow-headers: *
  content-type: application/json;charset=UTF-8
  content-length: 136
  access-control-allow-methods: POST, GET, PUT, OPTIONS, DELETE
  date: Tue, 18 Aug 2026 14:28:42 GMT
  connection: close
Response body   :
  {"errorCode":"270201","errorMsg":"request format invalid: Required Long parameter 'brandId' is not present","timestamp":"1787063322516"}

------------------------------------------------------------------------------
CASE: Deliberately WRONG secret — expect HTTP 401 (signature error)
------------------------------------------------------------------------------
UTC time        : 2026-08-18T14:28:50.819256+00:00
Request         : GET https://acc-lockservice.whaletv.com/lock-portal/open/v1/devices?brandId=266602544414330786&pageSize=1
Signed URI      : /lock-portal/open/v1/devices
Timestamp (ms)  : 1787063330819
String signed   : /lock-portal/open/v1/devices1787063330819
                  (= signed URI + timestamp, concatenated, no separator)
Signature alg   : Base64(HmacSHA1(secretKey, stringSigned))
Request headers :
  Authorization : 10a7ea42f147464a3eaf2b82c47c901569:nXovo28eAvxzL4E5ER0980KOSXE=:1787063330819
  Accept        : application/json
Response status : HTTP 401
Response headers:
  access-control-allow-origin: *
  access-control-allow-headers: *
  content-type: text/html;charset=ISO-8859-1
  access-control-allow-methods: POST, GET, PUT, OPTIONS, DELETE
  date: Tue, 18 Aug 2026 14:28:43 GMT
  vary: Accept-Encoding
  connection: close
  transfer-encoding: chunked
Response body   :
  AUTHORIZATION SIGNATURE ERROR

==============================================================================
  END OF LOG
==============================================================================
