==============================================================================
  WhaleTV Device Lock Portal API — integration debug log
==============================================================================

Reported by : Colombian Trade Company / Claro Colombia (Locking System)
Generated   : 2026-08-13T14:05:44.187932+00:00 (UTC)
Environment : ACC — acc-lockservice.whaletv.com
API version : /lock-portal/open/v1  (doc "Device Lock Portal API" v1.0.1)
accessKey   : 10a7ea42f147464a3eaf2b82c47c901569
secretKey   : NOT included in this file (kept secret on our side)
brandId     : 266602544414330786   (brand "RCA")

PROBLEM
-------
Every API call returns errorCode 270202 "no brand authorized for this
accessKey", regardless of which brandId we send, and on every endpoint.
Authentication itself succeeds — see the control cases at the end:
  * omitting brandId returns a DIFFERENT error (270201 "brandId is
    required"), so the server does read and validate our brandId;
  * signing with a wrong secret returns HTTP 401 AUTHORIZATION SIGNATURE
    ERROR, so our signature is being accepted in all other cases.
This points to our accessKey having an EMPTY brand list on your side.
Request: please bind brand RCA (brandId 266602544414330786)
to accessKey 10a7ea42f147464a3eaf2b82c47c901569.

The brandId above was taken from your own portal: while logged into
https://acc-lockservice.whaletv.com the web UI calls
  GET /lock-portal/lock/device/brandList
which responds:
  {"data":[{"brandId":"266602544414330786","brandName":"RCA",
   "productList":[],"subDataDefault":null}],"errorCode":"0","errorMsg":null}

Note: every request below uses a freshly generated timestamp, so the
"String signed" value differs per request. You can recompute each signature
on your side with our secretKey and confirm it matches.

------------------------------------------------------------------------------
CASE: Device list — brandId RCA (the real one)
------------------------------------------------------------------------------
UTC time        : 2026-08-13T14:05:44.188675+00:00
Request         : GET https://acc-lockservice.whaletv.com/lock-portal/open/v1/devices?brandId=266602544414330786&pageSize=1
Signed URI      : /lock-portal/open/v1/devices
Timestamp (ms)  : 1786629944187
String signed   : /lock-portal/open/v1/devices1786629944187
                  (= signed URI + timestamp, concatenated, no separator)
Signature alg   : Base64(HmacSHA1(secretKey, stringSigned))
Request headers :
  Authorization : 10a7ea42f147464a3eaf2b82c47c901569:98Sx6V0/KFKmyfehW+/LQ3YoN/Q=:1786629944187
  Accept        : application/json
Response status : HTTP 200
Response headers:
  access-control-allow-origin: *
  vary: Origin,Access-Control-Request-Method,Access-Control-Request-Headers, Accept-Encoding
  access-control-allow-headers: *
  content-type: application/json;charset=UTF-8
  content-length: 102
  access-control-allow-methods: POST, GET, PUT, OPTIONS, DELETE
  date: Thu, 13 Aug 2026 14:05:43 GMT
  connection: close
Response body   :
  {"errorCode":"270202","errorMsg":"no brand authorized for this accessKey","timestamp":"1786629943880"}

------------------------------------------------------------------------------
CASE: Device list — filtered by MAC
------------------------------------------------------------------------------
UTC time        : 2026-08-13T14:05:45.071725+00:00
Request         : GET https://acc-lockservice.whaletv.com/lock-portal/open/v1/devices?brandId=266602544414330786&mac=3C%3ABE%3A8E%3ABD%3AEF%3A01&pageSize=1
Signed URI      : /lock-portal/open/v1/devices
Timestamp (ms)  : 1786629945071
String signed   : /lock-portal/open/v1/devices1786629945071
                  (= signed URI + timestamp, concatenated, no separator)
Signature alg   : Base64(HmacSHA1(secretKey, stringSigned))
Request headers :
  Authorization : 10a7ea42f147464a3eaf2b82c47c901569:OnXoC+flNgfR2sN2VRPrD+CNKyI=:1786629945071
  Accept        : application/json
Response status : HTTP 200
Response headers:
  access-control-allow-origin: *
  vary: Origin,Access-Control-Request-Method,Access-Control-Request-Headers, Accept-Encoding
  access-control-allow-headers: *
  content-type: application/json;charset=UTF-8
  content-length: 102
  access-control-allow-methods: POST, GET, PUT, OPTIONS, DELETE
  date: Thu, 13 Aug 2026 14:05:44 GMT
  connection: close
Response body   :
  {"errorCode":"270202","errorMsg":"no brand authorized for this accessKey","timestamp":"1786629944649"}

------------------------------------------------------------------------------
CASE: Device detail
------------------------------------------------------------------------------
UTC time        : 2026-08-13T14:05:45.819000+00:00
Request         : GET https://acc-lockservice.whaletv.com/lock-portal/open/v1/devices/detail?brandId=266602544414330786&id=1
Signed URI      : /lock-portal/open/v1/devices/detail
Timestamp (ms)  : 1786629945818
String signed   : /lock-portal/open/v1/devices/detail1786629945818
                  (= signed URI + timestamp, concatenated, no separator)
Signature alg   : Base64(HmacSHA1(secretKey, stringSigned))
Request headers :
  Authorization : 10a7ea42f147464a3eaf2b82c47c901569:qtF70mOUeVxUD1sU5muIoP0yIM0=:1786629945818
  Accept        : application/json
Response status : HTTP 200
Response headers:
  access-control-allow-origin: *
  vary: Origin,Access-Control-Request-Method,Access-Control-Request-Headers, Accept-Encoding
  access-control-allow-headers: *
  content-type: application/json;charset=UTF-8
  content-length: 102
  access-control-allow-methods: POST, GET, PUT, OPTIONS, DELETE
  date: Thu, 13 Aug 2026 14:05:45 GMT
  connection: close
Response body   :
  {"errorCode":"270202","errorMsg":"no brand authorized for this accessKey","timestamp":"1786629945414"}

------------------------------------------------------------------------------
CASE: PIN code history
------------------------------------------------------------------------------
UTC time        : 2026-08-13T14:05:46.588736+00:00
Request         : GET https://acc-lockservice.whaletv.com/lock-portal/open/v1/devices/pincode-history?brandId=266602544414330786&id=1
Signed URI      : /lock-portal/open/v1/devices/pincode-history
Timestamp (ms)  : 1786629946588
String signed   : /lock-portal/open/v1/devices/pincode-history1786629946588
                  (= signed URI + timestamp, concatenated, no separator)
Signature alg   : Base64(HmacSHA1(secretKey, stringSigned))
Request headers :
  Authorization : 10a7ea42f147464a3eaf2b82c47c901569:gW9oYSRCdfc35SFnJ/HDlSLBoVM=:1786629946588
  Accept        : application/json
Response status : HTTP 200
Response headers:
  access-control-allow-origin: *
  vary: Origin,Access-Control-Request-Method,Access-Control-Request-Headers, Accept-Encoding
  access-control-allow-headers: *
  content-type: application/json;charset=UTF-8
  content-length: 102
  access-control-allow-methods: POST, GET, PUT, OPTIONS, DELETE
  date: Thu, 13 Aug 2026 14:05:46 GMT
  connection: close
Response body   :
  {"errorCode":"270202","errorMsg":"no brand authorized for this accessKey","timestamp":"1786629946174"}

------------------------------------------------------------------------------
CASE: Device list — brandId 217 (to show the error never changes)
------------------------------------------------------------------------------
UTC time        : 2026-08-13T14:05:47.350400+00:00
Request         : GET https://acc-lockservice.whaletv.com/lock-portal/open/v1/devices?brandId=217&pageSize=1
Signed URI      : /lock-portal/open/v1/devices
Timestamp (ms)  : 1786629947350
String signed   : /lock-portal/open/v1/devices1786629947350
                  (= signed URI + timestamp, concatenated, no separator)
Signature alg   : Base64(HmacSHA1(secretKey, stringSigned))
Request headers :
  Authorization : 10a7ea42f147464a3eaf2b82c47c901569:jO7Sx6E1lzYB+KB6iOYBQ/JE8PY=:1786629947350
  Accept        : application/json
Response status : HTTP 200
Response headers:
  access-control-allow-origin: *
  vary: Origin,Access-Control-Request-Method,Access-Control-Request-Headers, Accept-Encoding
  access-control-allow-headers: *
  content-type: application/json;charset=UTF-8
  content-length: 102
  access-control-allow-methods: POST, GET, PUT, OPTIONS, DELETE
  date: Thu, 13 Aug 2026 14:05:46 GMT
  connection: close
Response body   :
  {"errorCode":"270202","errorMsg":"no brand authorized for this accessKey","timestamp":"1786629946940"}

------------------------------------------------------------------------------
CASE: Device list — brandId 100 (to show the error never changes)
------------------------------------------------------------------------------
UTC time        : 2026-08-13T14:05:48.118123+00:00
Request         : GET https://acc-lockservice.whaletv.com/lock-portal/open/v1/devices?brandId=100&pageSize=1
Signed URI      : /lock-portal/open/v1/devices
Timestamp (ms)  : 1786629948118
String signed   : /lock-portal/open/v1/devices1786629948118
                  (= signed URI + timestamp, concatenated, no separator)
Signature alg   : Base64(HmacSHA1(secretKey, stringSigned))
Request headers :
  Authorization : 10a7ea42f147464a3eaf2b82c47c901569:xK/nnvvmLoBmBpw9OvMdTP3jQ9I=:1786629948118
  Accept        : application/json
Response status : HTTP 200
Response headers:
  access-control-allow-origin: *
  vary: Origin,Access-Control-Request-Method,Access-Control-Request-Headers, Accept-Encoding
  access-control-allow-headers: *
  content-type: application/json;charset=UTF-8
  content-length: 102
  access-control-allow-methods: POST, GET, PUT, OPTIONS, DELETE
  date: Thu, 13 Aug 2026 14:05:47 GMT
  connection: close
Response body   :
  {"errorCode":"270202","errorMsg":"no brand authorized for this accessKey","timestamp":"1786629947694"}

------------------------------------------------------------------------------
CASE: Device list — brandId 1 (to show the error never changes)
------------------------------------------------------------------------------
UTC time        : 2026-08-13T14:05:48.871533+00:00
Request         : GET https://acc-lockservice.whaletv.com/lock-portal/open/v1/devices?brandId=1&pageSize=1
Signed URI      : /lock-portal/open/v1/devices
Timestamp (ms)  : 1786629948871
String signed   : /lock-portal/open/v1/devices1786629948871
                  (= signed URI + timestamp, concatenated, no separator)
Signature alg   : Base64(HmacSHA1(secretKey, stringSigned))
Request headers :
  Authorization : 10a7ea42f147464a3eaf2b82c47c901569:lIp1XqyzEaA6r5gE15GZPh7XPKo=:1786629948871
  Accept        : application/json
Response status : HTTP 200
Response headers:
  access-control-allow-origin: *
  vary: Origin,Access-Control-Request-Method,Access-Control-Request-Headers, Accept-Encoding
  access-control-allow-headers: *
  content-type: application/json;charset=UTF-8
  content-length: 102
  access-control-allow-methods: POST, GET, PUT, OPTIONS, DELETE
  date: Thu, 13 Aug 2026 14:05:48 GMT
  connection: close
Response body   :
  {"errorCode":"270202","errorMsg":"no brand authorized for this accessKey","timestamp":"1786629948442"}

==============================================================================
  WRITE OPERATIONS — payloads shown, NOT executed
==============================================================================

------------------------------------------------------------------------------
CASE: Batch lock (POST) — the endpoint we ultimately need
------------------------------------------------------------------------------
UTC time        : 2026-08-13T14:05:49.618323+00:00
Request         : POST https://acc-lockservice.whaletv.com/lock-portal/open/v1/devices/batch-lock
Signed URI      : /lock-portal/open/v1/devices/batch-lock
Timestamp (ms)  : 1786629949618
String signed   : /lock-portal/open/v1/devices/batch-lock1786629949618
                  (= signed URI + timestamp, concatenated, no separator)
Signature alg   : Base64(HmacSHA1(secretKey, stringSigned))
Request headers :
  Authorization : 10a7ea42f147464a3eaf2b82c47c901569:/YpnNtgbgA7tUBQ+V88rxAz5IbQ=:1786629949618
  Accept        : application/json
  Content-Type  : application/json
Request body    :
  {"brandId": "266602544414330786", "macs": ["3C:BE:8E:BD:EF:01"], "status": 1}
Response        : NOT SENT — this is a write operation, included only
                  so you can see the exact payload we would send.

------------------------------------------------------------------------------
CASE: Generate PIN code (POST)
------------------------------------------------------------------------------
UTC time        : 2026-08-13T14:05:49.629325+00:00
Request         : POST https://acc-lockservice.whaletv.com/lock-portal/open/v1/devices/pincode
Signed URI      : /lock-portal/open/v1/devices/pincode
Timestamp (ms)  : 1786629949629
String signed   : /lock-portal/open/v1/devices/pincode1786629949629
                  (= signed URI + timestamp, concatenated, no separator)
Signature alg   : Base64(HmacSHA1(secretKey, stringSigned))
Request headers :
  Authorization : 10a7ea42f147464a3eaf2b82c47c901569:/MbhrBDt7/1ve9IPk3E7WjBF9UE=:1786629949629
  Accept        : application/json
  Content-Type  : application/json
Request body    :
  {"brandId": "266602544414330786", "mac": "3C:BE:8E:BD:EF:01", "passcode": "0568"}
Response        : NOT SENT — this is a write operation, included only
                  so you can see the exact payload we would send.

------------------------------------------------------------------------------
CASE: Update device (POST)
------------------------------------------------------------------------------
UTC time        : 2026-08-13T14:05:49.629360+00:00
Request         : POST https://acc-lockservice.whaletv.com/lock-portal/open/v1/devices/update
Signed URI      : /lock-portal/open/v1/devices/update
Timestamp (ms)  : 1786629949629
String signed   : /lock-portal/open/v1/devices/update1786629949629
                  (= signed URI + timestamp, concatenated, no separator)
Signature alg   : Base64(HmacSHA1(secretKey, stringSigned))
Request headers :
  Authorization : 10a7ea42f147464a3eaf2b82c47c901569:OGoZDmWbttbJ924v0qf1x/Cem08=:1786629949629
  Accept        : application/json
  Content-Type  : application/json
Request body    :
  {"brandId": "266602544414330786", "id": 1, "status": 1}
Response        : NOT SENT — this is a write operation, included only
                  so you can see the exact payload we would send.

==============================================================================
  CONTROL CASES — these prove authentication works
==============================================================================

------------------------------------------------------------------------------
CASE: No brandId sent — expect a DIFFERENT error (270201)
------------------------------------------------------------------------------
UTC time        : 2026-08-13T14:05:49.629387+00:00
Request         : GET https://acc-lockservice.whaletv.com/lock-portal/open/v1/devices?pageSize=1
Signed URI      : /lock-portal/open/v1/devices
Timestamp (ms)  : 1786629949629
String signed   : /lock-portal/open/v1/devices1786629949629
                  (= signed URI + timestamp, concatenated, no separator)
Signature alg   : Base64(HmacSHA1(secretKey, stringSigned))
Request headers :
  Authorization : 10a7ea42f147464a3eaf2b82c47c901569:7wuV84hF6F5mpu8wziM1lNGpaTs=:1786629949629
  Accept        : application/json
Response status : HTTP 200
Response headers:
  access-control-allow-origin: *
  vary: Origin,Access-Control-Request-Method,Access-Control-Request-Headers, Accept-Encoding
  access-control-allow-headers: *
  content-type: application/json;charset=UTF-8
  content-length: 136
  access-control-allow-methods: POST, GET, PUT, OPTIONS, DELETE
  date: Thu, 13 Aug 2026 14:05:49 GMT
  connection: close
Response body   :
  {"errorCode":"270201","errorMsg":"request format invalid: Required Long parameter 'brandId' is not present","timestamp":"1786629949225"}

------------------------------------------------------------------------------
CASE: Deliberately WRONG secret — expect HTTP 401 (signature error)
------------------------------------------------------------------------------
UTC time        : 2026-08-13T14:05:50.404302+00:00
Request         : GET https://acc-lockservice.whaletv.com/lock-portal/open/v1/devices?brandId=266602544414330786&pageSize=1
Signed URI      : /lock-portal/open/v1/devices
Timestamp (ms)  : 1786629950404
String signed   : /lock-portal/open/v1/devices1786629950404
                  (= signed URI + timestamp, concatenated, no separator)
Signature alg   : Base64(HmacSHA1(secretKey, stringSigned))
Request headers :
  Authorization : 10a7ea42f147464a3eaf2b82c47c901569:OY6HncRXVl/P7kud1raNeKJptWQ=:1786629950404
  Accept        : application/json
Response status : HTTP 401
Response headers:
  access-control-allow-origin: *
  access-control-allow-headers: *
  content-type: text/html;charset=ISO-8859-1
  access-control-allow-methods: POST, GET, PUT, OPTIONS, DELETE
  date: Thu, 13 Aug 2026 14:05:49 GMT
  vary: Accept-Encoding
  connection: close
  transfer-encoding: chunked
Response body   :
  AUTHORIZATION SIGNATURE ERROR

==============================================================================
  END OF LOG
==============================================================================
